RUN=j2-kp140-run1
DUAL_SESSION_A0_RAW_RAD=2.4164087772369385
DUAL_SESSION_B0_RAW_RAD=5.4650111198425293
SESSION_CENTER_SOURCE=50_VALID_BRAKE_FRAME_MEDIAN
SESSION_CENTER_REDEFINED=NO
KP_START=0.59999999999999998
KP_TARGET=1.3999999999999999
KP_RAMP_DURATION_S=0.75
KD=0.050000000000000003
TFF=0
HOLD_FINAL_ESYNC_DEG=0.043389505563176833
HOLD_MAX_ESYNC_DEG=0.045126725894339526
HOLD_MAX_LOGICAL_MOTION_DEG=0.035580646223658502
HOLD_NUMERIC_RESULT=PASS
PLUS_5_ACTUAL_DEG=0.64043544674326458
PLUS_5_ERROR_DEG=4.3595645532567353
PLUS_5_ESYNC_DEG=0.14405333111276139
PLUS_5_GATE=FAIL
FINAL_DUAL_5_FRAME_BRAKE=PASS
V15_24F_FT_J2_DRIVE_AUTHORITY_RESULT=FAIL
REASON=PLUS_5_ACCEPTANCE_FAILED_STOP_ROUTE
RUNNER_EXIT_STATUS=2
