RUN=j2-kp100-run1
DUAL_SESSION_A0_RAW_RAD=2.4539914131164551
DUAL_SESSION_B0_RAW_RAD=5.4201421737670898
SESSION_CENTER_SOURCE=50_VALID_BRAKE_FRAME_MEDIAN
SESSION_CENTER_REDEFINED=NO
KP_START=0.59999999999999998
KP_TARGET=1
KP_RAMP_DURATION_S=0.5
KD=0.050000000000000003
TFF=0
HOLD_FINAL_ESYNC_DEG=0.0034722826246469467
HOLD_MAX_ESYNC_DEG=0.0086774695050996723
HOLD_MAX_LOGICAL_MOTION_DEG=0.002602593440226363
HOLD_NUMERIC_RESULT=PASS
PLUS_5_ACTUAL_DEG=0.78015220114115447
PLUS_5_ERROR_DEG=4.2198477988588445
PLUS_5_ESYNC_DEG=0.19785752651220057
PLUS_5_GATE=FAIL
FINAL_DUAL_5_FRAME_BRAKE=PASS
V15_24F_FT_J2_DRIVE_AUTHORITY_RESULT=FAIL
REASON=PLUS_5_ACCEPTANCE_FAILED_STOP_ROUTE
RUNNER_EXIT_STATUS=2
