UTC_TIME=2026-08-22T09:58:57+00:00
BRANCH=agent/v15-24f-ft-j2-drive-authority
HEAD=5129a975d5c456aa04fed2e7ff47456a56785489
PHYSICAL_POWER_STATE=OPERATOR_CONFIRMED_24V_OFF
NEXT_PHASE_GATE_PRESENT=NO
J2_SOURCE_SHA256=78ed9d8371356e7d5c618600c9b9919d042a6281f817a7f3d291c047e965ece0
J3_SOURCE_SHA256=d32f6e01a9904bd3b2b6d3f6ad20dee7c20e7ba12588c5c796c644df4465c108
ANALYZER_SHA256=560084f8a909343bfc6ab44f524f3cf0ee30f2ac2779c7dd3640ad7cb4e48f90
J2_BINARY_SHA256=b288285282445da1f3dbd0dc3fba17d74730488152eed483c4225fc494008ed6
J3_BINARY_SHA256=bd01df10abea7f7e3fa3bd7dc079c77df0c000c58f4145e8167ae2124a1313af
SELFTEST_KP100_COUNT=1280
SELFTEST_KP140_COUNT=1791
SELFTEST_KD_COUNT=64
V15_24F_FT_J2_DRIVE_AUTHORITY_SELF_TEST=PASS
SERIAL_PORT_CONSTRUCTED=NO
J2A_ID=0
J2B_ID=1
SIGN_A=-1
SIGN_B=+1
SIGN_RELATION=OPPOSITE
SEPARATE_RAW_CURRENT_TARGETS=YES
ONLY_KP_CHANGED=YES
BASE_KP=0.60
LEVEL_A_KP=1.00
LEVEL_A_RAMP_S=0.50
LEVEL_B_KP=1.40
LEVEL_B_RAMP_S=0.75
KP_RAMP_EXACT_51_AND_76_FRAME_SELF_TEST=PASS
DUAL_KD=0.05
DUAL_TFF=0
POST_RAMP_HOLD_DURATION_S=1.0
MOTION_ROUTE=0_TO_PLUS5_TO_0_TO_MINUS5_TO_0
SESSION_CENTER_CAPTURE_FRAMES=50
SESSION_CENTER_STATIC_SPAN_MAX_DEG=0.2
SESSION_CENTER_LAST10_MEDIAN_OFFSET_MAX_DEG=0.1
STATIC_CAPTURE_GATE_SELF_TEST=PASS
TERMINATION_REASON_IN_FINAL_BRAKE_ROWS=YES
SESSION_CENTER_REDEFINED=NO
FAIL_CLOSED_ENDPOINT_GATE_SELF_TEST=PASS
V15_24E_CENTER_GATE_ISSUE_FIXED=YES
SYNC_HOLD_ACCEPT_DEG=0.3
SYNC_MOTION_ACCEPT_DEG=0.7
SYNC_HARD_ABORT_DEG=1.0
UNEXPECTED_LOGICAL_VELOCITY_ABORT_DEG_S=25
CALIBRATE_PATH=NO
ID_WRITE_PATH=NO
ZERO_WRITE_PATH=NO
V15_24F_FT_J3_INSTALLED_LOAD_SELF_TEST=PASS
KP_0_60_SDK_ENCODING_VALID=YES
KP060_ENCODED_COUNT=768
KP_0_70_SDK_ENCODING_VALID=YES
KP070_ENCODED_COUNT=895
MECHANICAL_STATE=BIG_ARM_AND_FOREARM_INSTALLED
VISIBLE_MOTION_ONLY_PLUS_MINUS_5DEG=YES
PLUS_2_OR_3_CLI_PATH=NO
SERIAL_PORT_CONSTRUCTED=NO
J3_ONLY_FOC_PATH=YES
J4_J5_FOC_PATH=NO
SESSION_CENTER_CAPTURE_FRAMES=50
SESSION_CENTER_REDEFINED=NO
BRAKE_STATIONARITY_SPAN_LIMIT_DEG=0.2
BRAKE_STATIONARITY_TAIL_MEDIAN_DELTA_LIMIT_DEG=0.1
BRAKE_STATIONARITY_GATE_SELF_TEST=PASS
NEXT_PHASE_RESULT_GATE_SELF_TEST=PASS
INVALID_FEEDBACK_ABORT_REASON_SELF_TEST=PASS
TERMINATION_REASON_IN_FINAL_BRAKE_ROWS=YES
AUX_BRAKE_CSV_SCHEMA_SELF_TEST=PASS
CSV_FIELD_COUNT=56
ABSOLUTE_100HZ_SCHEDULING=YES
FAIL_CLOSED_ENDPOINT_GATE_SELF_TEST=PASS
UNEXPECTED_LOGICAL_VELOCITY_ABORT_DEG_S=25
CALIBRATE_PATH=NO
ID_WRITE_PATH=NO
ZERO_WRITE_PATH=NO
V15_24F_ANALYZER_SELF_TEST=PASS
FAIL_CLOSED_PHASE_PREFIX=PASS
FAILED_CENTER_FORBIDS_LATER_PROFILE_OR_ENDPOINT=PASS
EXACT_ENDPOINT_TERMINATION_GATE=PASS
J3_56_COLUMN_AUX_AND_VELOCITY_SCHEMA=PASS
OFFLINE_VERIFICATION=PASS
