PURPOSE=POSTRUN_OFFLINE_SAFETY_HARDENING_VERIFICATION
HARDWARE_ACCESS=NO_SELF_TEST_DOES_NOT_CONSTRUCT_SERIAL
ACTIVE_RUN_SOURCE_SHA256=78ed9d8371356e7d5c618600c9b9919d042a6281f817a7f3d291c047e965ece0
COMMIT_CANDIDATE_SOURCE_SHA256=3c2c01662057eb867f7a9ceab8652953ebf01abcdb239ff19bba2b62fc7c786e
STRICT_OPTIMIZED_BUILD=PASS
STRICT_OPTIMIZED_BINARY_SHA256=0c98355a0614567b3876b2284f3e1e47a31f96815ce3dd33bfd86ac89eb24211
SELFTEST_KP100_COUNT=1280
SELFTEST_KP140_COUNT=1791
SELFTEST_KD_COUNT=64
V15_24F_FT_J2_DRIVE_AUTHORITY_SELF_TEST=PASS
SERIAL_PORT_CONSTRUCTED=NO
J2A_ID=0
J2B_ID=1
SIGN_A=-1
SIGN_B=+1
SIGN_RELATION=OPPOSITE
SEPARATE_RAW_CURRENT_TARGETS=YES
ONLY_KP_CHANGED=YES
BASE_KP=0.60
LEVEL_A_KP=1.00
LEVEL_A_RAMP_S=0.50
LEVEL_B_KP=1.40
LEVEL_B_RAMP_S=0.75
KP_RAMP_EXACT_51_AND_76_FRAME_SELF_TEST=PASS
DUAL_KD=0.05
DUAL_TFF=0
POST_RAMP_HOLD_DURATION_S=1.0
MOTION_ROUTE=0_TO_PLUS5_TO_0_TO_MINUS5_TO_0
SESSION_CENTER_CAPTURE_FRAMES=50
SESSION_CENTER_STATIC_SPAN_MAX_DEG=0.2
SESSION_CENTER_LAST10_MEDIAN_OFFSET_MAX_DEG=0.1
STATIC_CAPTURE_GATE_SELF_TEST=PASS
TERMINATION_REASON_IN_FINAL_BRAKE_ROWS=YES
SESSION_CENTER_REDEFINED=NO
FAIL_CLOSED_ENDPOINT_GATE_SELF_TEST=PASS
V15_24E_CENTER_GATE_ISSUE_FIXED=YES
SYNC_HOLD_ACCEPT_DEG=0.3
SYNC_MOTION_ACCEPT_DEG=0.7
SYNC_HARD_ABORT_DEG=1.0
UNEXPECTED_LOGICAL_VELOCITY_ABORT_DEG_S=25
CALIBRATE_PATH=NO
ID_WRITE_PATH=NO
ZERO_WRITE_PATH=NO
UBSAN_BUILD=PASS
SELFTEST_KP100_COUNT=1280
SELFTEST_KP140_COUNT=1791
SELFTEST_KD_COUNT=64
V15_24F_FT_J2_DRIVE_AUTHORITY_SELF_TEST=PASS
SERIAL_PORT_CONSTRUCTED=NO
J2A_ID=0
J2B_ID=1
SIGN_A=-1
SIGN_B=+1
SIGN_RELATION=OPPOSITE
SEPARATE_RAW_CURRENT_TARGETS=YES
ONLY_KP_CHANGED=YES
BASE_KP=0.60
LEVEL_A_KP=1.00
LEVEL_A_RAMP_S=0.50
LEVEL_B_KP=1.40
LEVEL_B_RAMP_S=0.75
KP_RAMP_EXACT_51_AND_76_FRAME_SELF_TEST=PASS
DUAL_KD=0.05
DUAL_TFF=0
POST_RAMP_HOLD_DURATION_S=1.0
MOTION_ROUTE=0_TO_PLUS5_TO_0_TO_MINUS5_TO_0
SESSION_CENTER_CAPTURE_FRAMES=50
SESSION_CENTER_STATIC_SPAN_MAX_DEG=0.2
SESSION_CENTER_LAST10_MEDIAN_OFFSET_MAX_DEG=0.1
STATIC_CAPTURE_GATE_SELF_TEST=PASS
TERMINATION_REASON_IN_FINAL_BRAKE_ROWS=YES
SESSION_CENTER_REDEFINED=NO
FAIL_CLOSED_ENDPOINT_GATE_SELF_TEST=PASS
V15_24E_CENTER_GATE_ISSUE_FIXED=YES
SYNC_HOLD_ACCEPT_DEG=0.3
SYNC_MOTION_ACCEPT_DEG=0.7
SYNC_HARD_ABORT_DEG=1.0
UNEXPECTED_LOGICAL_VELOCITY_ABORT_DEG_S=25
CALIBRATE_PATH=NO
ID_WRITE_PATH=NO
ZERO_WRITE_PATH=NO
UBSAN_SELF_TEST=PASS
SOURCE_DIFF_BEGIN
--- tools/hardware/v15_24f_ft_j2_drive_authority.cpp	2026-08-22 05:41:28.003590596 -0400
+++ /tmp/v15_24f_ft_j2_drive_authority.postrun.cpp	2026-08-22 06:04:31.372839516 -0400
@@ -862,7 +862,12 @@
     EndpointSummary summary;
     summary.actual = median(tail_field(values, false, tail_count));
     summary.error = std::abs(summary.actual - target);
-    summary.sync = std::abs(median(tail_field(values, true, tail_count)));
+    const std::vector<double> sync_tail = tail_field(values, true, tail_count);
+    summary.sync = std::abs(*std::max_element(
+        sync_tail.begin(), sync_tail.end(),
+        [](double left, double right) {
+          return std::abs(left) < std::abs(right);
+        }));
     const bool pass = endpoint_accepted(
         summary.error, summary.sync, max_motion_sync_, position_tolerance);
     std::cout << std::setprecision(17)
SOURCE_DIFF_END
POSTRUN_SAFETY_HARDENING_VERIFICATION=PASS
